\BOOKMARK [0][]{section*.2}{\376\377\004\022\004\062\004\065\004\064\004\065\004\075\004\070\004\065}{}% 1
\BOOKMARK [0][]{chapter.1}{\376\377\004\036\004\061\004\067\004\076\004\100\000\040\004\077\004\100\004\065\004\064\004\074\004\065\004\102\004\075\004\076\004\071\000\040\004\076\004\061\004\073\004\060\004\101\004\102\004\070}{}% 2
\BOOKMARK [1][]{section.1.1}{\376\377\000M\000u\000s\000i\000c\000\040\000I\000n\000f\000o\000r\000m\000a\000t\000i\000o\000n\000\040\000R\000e\000t\000r\000i\000e\000v\000a\000l\000\040\004\072\004\060\004\072\000\040\004\075\004\060\004\103\004\107\004\075\004\060\004\117\000\040\004\064\004\070\004\101\004\106\004\070\004\077\004\073\004\070\004\075\004\060}{chapter.1}% 3
\BOOKMARK [1][]{section.1.2}{\376\377\004\041\004\102\004\100\004\103\004\072\004\102\004\103\004\100\004\075\004\060\004\117\000\040\004\101\004\065\004\063\004\074\004\065\004\075\004\102\004\060\004\106\004\070\004\117\000\040\004\074\004\103\004\067\004\113\004\072\004\060\004\073\004\114\004\075\004\113\004\105\000\040\004\072\004\076\004\074\004\077\004\076\004\067\004\070\004\106\004\070\004\071}{chapter.1}% 4
\BOOKMARK [1][]{section.1.3}{\376\377\004\040\004\060\004\101\004\077\004\076\004\067\004\075\004\060\004\062\004\060\004\075\004\070\004\065\000\040\004\115\004\074\004\076\004\106\004\070\004\071\000\040\004\062\000\040\004\074\004\103\004\067\004\113\004\072\004\065}{chapter.1}% 5
\BOOKMARK [1][]{section.1.4}{\376\377\004\032\004\073\004\060\004\101\004\101\004\070\004\104\004\070\004\072\004\060\004\106\004\070\004\117\000\040\004\066\004\060\004\075\004\100\004\076\004\062}{chapter.1}% 6
\BOOKMARK [1][]{section.1.5}{\376\377\004\020\004\100\004\105\004\070\004\102\004\065\004\072\004\102\004\103\004\100\004\113\000\040\004\060\004\103\004\064\004\070\004\076\000-\004\072\004\073\004\060\004\101\004\101\004\070\004\104\004\070\004\072\004\060\004\102\004\076\004\100\004\076\004\062}{chapter.1}% 7
\BOOKMARK [1][]{section.1.6}{\376\377\000M\000u\000l\000t\000i\000-\000t\000a\000s\000k\000\040\000l\000e\000a\000r\000n\000i\000n\000g\000\040\004\062\000\040\000M\000I\000R}{chapter.1}% 8
\BOOKMARK [1][]{section.1.7}{\376\377\004\037\004\100\004\065\004\064\004\062\004\060\004\100\004\070\004\102\004\065\004\073\004\114\004\075\004\076\004\065\000\040\004\076\004\061\004\103\004\107\004\065\004\075\004\070\004\065\000\040\004\070\000\040\004\064\004\076\004\076\004\061\004\103\004\107\004\065\004\075\004\070\004\065}{chapter.1}% 9
\BOOKMARK [0][]{chapter.2}{\376\377\004\037\004\076\004\101\004\102\004\060\004\075\004\076\004\062\004\072\004\060\000\040\004\067\004\060\004\064\004\060\004\107\004\070}{}% 10
\BOOKMARK [1][]{section.2.1}{\376\377\004\046\004\065\004\073\004\114\000\040\004\070\004\101\004\101\004\073\004\065\004\064\004\076\004\062\004\060\004\075\004\070\004\117}{chapter.2}% 11
\BOOKMARK [2][]{subsection.2.1.1}{\376\377\004\044\004\076\004\100\004\074\004\060\004\073\004\114\004\075\004\060\004\117\000\040\004\077\004\076\004\101\004\102\004\060\004\075\004\076\004\062\004\072\004\060}{section.2.1}% 12
\BOOKMARK [1][]{section.2.2}{\376\377\004\030\004\101\004\101\004\073\004\065\004\064\004\076\004\062\004\060\004\102\004\065\004\073\004\114\004\101\004\072\004\070\004\065\000\040\004\062\004\076\004\077\004\100\004\076\004\101\004\113}{chapter.2}% 13
\BOOKMARK [1][]{section.2.3}{\376\377\004\036\004\061\004\076\004\101\004\075\004\076\004\062\004\060\004\075\004\070\004\065\000\040\004\074\004\103\004\073\004\114\004\102\004\070\004\067\004\060\004\064\004\060\004\107\004\075\004\076\004\063\004\076\000\040\004\077\004\076\004\064\004\105\004\076\004\064\004\060}{chapter.2}% 14
\BOOKMARK [0][]{chapter.3}{\376\377\004\024\004\060\004\075\004\075\004\113\004\065}{}% 15
\BOOKMARK [1][]{section.3.1}{\376\377\004\030\004\101\004\077\004\076\004\073\004\114\004\067\004\103\004\065\004\074\004\113\004\065\000\040\004\064\004\060\004\102\004\060\004\101\004\065\004\102\004\113}{chapter.3}% 16
\BOOKMARK [1][]{section.3.2}{\376\377\004\030\004\067\004\062\004\073\004\065\004\107\004\065\004\075\004\070\004\065\000\040\004\077\004\100\004\070\004\067\004\075\004\060\004\072\004\076\004\062}{chapter.3}% 17
\BOOKMARK [1][]{section.3.3}{\376\377\004\041\004\102\004\100\004\060\004\102\004\065\004\063\004\070\004\117\000\040\004\100\004\060\004\067\004\061\004\070\004\065\004\075\004\070\004\117\000\040\004\075\004\060\000\040\004\076\004\061\004\103\004\107\004\060\004\116\004\111\004\103\004\116\000,\000\040\004\062\004\060\004\073\004\070\004\064\004\060\004\106\004\070\004\076\004\075\004\075\004\103\004\116\000\040\004\070\000\040\004\102\004\065\004\101\004\102\004\076\004\062\004\103\004\116\000\040\004\062\004\113\004\061\004\076\004\100\004\072\004\070}{chapter.3}% 18
\BOOKMARK [1][]{section.3.4}{\376\377\004\024\004\070\004\101\004\061\004\060\004\073\004\060\004\075\004\101\000\040\004\072\004\073\004\060\004\101\004\101\004\076\004\062}{chapter.3}% 19
\BOOKMARK [0][]{chapter.4}{\376\377\004\020\004\100\004\105\004\070\004\102\004\065\004\072\004\102\004\103\004\100\004\060\000\040\004\070\000\040\004\074\004\065\004\102\004\076\004\064\004\113}{}% 20
\BOOKMARK [1][]{section.4.1}{\376\377\004\036\004\061\004\067\004\076\004\100\000\040\004\074\004\075\004\076\004\063\004\076\004\060\004\100\004\105\004\070\004\102\004\065\004\072\004\102\004\103\004\100\004\075\004\076\004\063\004\076\000\040\004\115\004\072\004\101\004\077\004\065\004\100\004\070\004\074\004\065\004\075\004\102\004\060}{chapter.4}% 21
\BOOKMARK [1][]{section.4.2}{\376\377\004\041\004\062\004\121\004\100\004\102\004\076\004\107\004\075\004\060\004\117\000\040\004\101\004\065\004\102\004\114\000\040\000\050\004\072\004\076\004\075\004\104\004\070\004\063\004\103\004\100\004\060\004\106\004\070\004\117\000\040\0001\000\051}{chapter.4}% 22
\BOOKMARK [1][]{section.4.3}{\376\377\000C\000N\000N\000\040\004\101\000\040\004\075\004\060\004\064\004\101\004\102\004\100\004\076\004\071\004\072\004\076\004\071\000\040\000B\000i\000L\000S\000T\000M\000\040\000\050\004\072\004\076\004\075\004\104\004\070\004\063\004\103\004\100\004\060\004\106\004\070\004\117\000\040\0002\000\051}{chapter.4}% 23
\BOOKMARK [1][]{section.4.4}{\376\377\004\032\004\076\004\075\004\104\004\070\004\063\004\103\004\100\004\060\004\106\004\070\004\070\000\040\004\077\004\076\004\062\004\065\004\100\004\105\000\040\004\067\004\060\004\074\004\076\004\100\004\076\004\066\004\065\004\075\004\075\004\076\004\071\000\040\000P\000A\000N\000N\000s\000\040\000\050\0003\000\040\004\070\000\040\0004\000\051}{chapter.4}% 24
\BOOKMARK [1][]{section.4.5}{\376\377\000A\000u\000d\000i\000o\000\040\000S\000p\000e\000c\000t\000r\000o\000g\000r\000a\000m\000\040\000T\000r\000a\000n\000s\000f\000o\000r\000m\000e\000r\000\040\000v\0002\000\040\000\050\004\072\004\076\004\075\004\104\004\070\004\063\004\103\004\100\004\060\004\106\004\070\004\117\000\040\0005\000,\000\040\004\104\004\070\004\075\004\060\004\073\004\114\004\075\004\060\004\117\000\051}{chapter.4}% 25
\BOOKMARK [1][]{section.4.6}{\376\377\004\034\004\103\004\073\004\114\004\102\004\070\004\067\004\060\004\064\004\060\004\107\004\075\004\113\004\065\000\040\004\063\004\076\004\073\004\076\004\062\004\113\000\040\004\070\000\040\004\104\004\103\004\075\004\072\004\106\004\070\004\117\000\040\004\077\004\076\004\102\004\065\004\100\004\114}{chapter.4}% 26
\BOOKMARK [1][]{section.4.7}{\376\377\004\037\004\076\004\101\004\102\004\076\004\061\004\100\004\060\004\061\004\076\004\102\004\072\004\060\000\040\004\077\004\100\004\065\004\064\004\101\004\072\004\060\004\067\004\060\004\075\004\070\004\071\000\040\004\101\004\065\004\063\004\074\004\065\004\075\004\102\004\075\004\076\004\071\000\040\004\063\004\076\004\073\004\076\004\062\004\113}{chapter.4}% 27
\BOOKMARK [1][]{section.4.8}{\376\377\004\030\004\075\004\104\004\065\004\100\004\065\004\075\004\101\000\040\004\075\004\060\000\040\004\077\004\076\004\073\004\114\004\067\004\076\004\062\004\060\004\102\004\065\004\073\004\114\004\101\004\072\004\070\004\105\000\040\004\067\004\060\004\077\004\070\004\101\004\117\004\105}{chapter.4}% 28
\BOOKMARK [0][]{chapter.5}{\376\377\004\055\004\072\004\101\004\077\004\065\004\100\004\070\004\074\004\065\004\075\004\102\004\113}{}% 29
\BOOKMARK [1][]{section.5.1}{\376\377\004\037\004\100\004\076\004\102\004\076\004\072\004\076\004\073\000\040\004\076\004\106\004\065\004\075\004\072\004\070}{chapter.5}% 30
\BOOKMARK [1][]{section.5.2}{\376\377\004\023\004\070\004\077\004\065\004\100\004\077\004\060\004\100\004\060\004\074\004\065\004\102\004\100\004\113\000\040\004\076\004\061\004\103\004\107\004\065\004\075\004\070\004\117}{chapter.5}% 31
\BOOKMARK [1][]{section.5.3}{\376\377\004\055\004\072\004\101\004\077\004\065\004\100\004\070\004\074\004\065\004\075\004\102\000\040\000v\0001\000:\000\040\004\070\004\101\004\105\004\076\004\064\004\075\004\113\004\071\000\040\0002\0002\000\040\004\067\004\060\004\077\004\103\004\101\004\072}{chapter.5}% 32
\BOOKMARK [1][]{section.5.4}{\376\377\004\055\004\072\004\101\004\077\004\065\004\100\004\070\004\074\004\065\004\075\004\102\000\040\000v\0002\000:\000\040\004\103\004\073\004\103\004\107\004\110\004\065\004\075\004\075\004\113\004\071\000\040\004\067\004\060\004\077\004\103\004\101\004\072}{chapter.5}% 33
\BOOKMARK [1][]{section.5.5}{\376\377\004\055\004\072\004\101\004\077\004\065\004\100\004\070\004\074\004\065\004\075\004\102\000\040\000A\000S\000T\000\040\000v\0002\000:\000\040\004\100\004\060\004\101\004\110\004\070\004\100\004\065\004\075\004\070\004\065\000\040\004\102\004\100\004\060\004\075\004\101\004\104\004\076\004\100\004\074\004\065\004\100\000-\004\060\004\100\004\105\004\070\004\102\004\065\004\072\004\102\004\103\004\100\004\076\004\071}{chapter.5}% 34
\BOOKMARK [1][]{section.5.6}{\376\377\004\055\004\072\004\101\004\077\004\065\004\100\004\070\004\074\004\065\004\075\004\102\000\040\000C\000N\000N\000\040\000v\0003\000:\000\040\004\075\004\065\004\103\004\064\004\060\004\107\004\075\004\076\004\065\000\040\004\103\004\101\004\070\004\073\004\065\004\075\004\070\004\065}{chapter.5}% 35
\BOOKMARK [1][]{section.5.7}{\376\377\004\041\004\062\004\076\004\064\004\075\004\076\004\065\000\040\004\101\004\100\004\060\004\062\004\075\004\065\004\075\004\070\004\065\000\040\004\062\004\101\004\065\004\105\000\040\004\074\004\076\004\064\004\065\004\073\004\065\004\071}{chapter.5}% 36
\BOOKMARK [1][]{section.5.8}{\376\377\000A\000b\000l\000a\000t\000i\000o\000n\000:\000\040\004\062\004\072\004\073\004\060\004\064\000\040\004\077\004\076\004\101\004\102\004\076\004\061\004\100\004\060\004\061\004\076\004\102\004\072\004\070\000\040\004\101\004\065\004\063\004\074\004\065\004\075\004\102\004\075\004\076\004\071\000\040\004\063\004\076\004\073\004\076\004\062\004\113}{chapter.5}% 37
\BOOKMARK [0][]{chapter.6}{\376\377\004\037\004\100\004\076\004\102\004\076\004\102\004\070\004\077\000\040\004\101\004\070\004\101\004\102\004\065\004\074\004\113}{}% 38
\BOOKMARK [1][]{section.6.1}{\376\377\004\020\004\100\004\105\004\070\004\102\004\065\004\072\004\102\004\103\004\100\004\060\000\040\004\062\004\065\004\061\000-\004\077\004\100\004\070\004\073\004\076\004\066\004\065\004\075\004\070\004\117}{chapter.6}% 39
\BOOKMARK [1][]{section.6.2}{\376\377\004\041\004\070\004\075\004\105\004\100\004\076\004\075\004\070\004\067\004\070\004\100\004\076\004\062\004\060\004\075\004\075\004\113\004\071\000\040\004\064\004\060\004\110\004\061\004\076\004\100\004\064}{chapter.6}% 40
\BOOKMARK [1][]{section.6.3}{\376\377\004\032\004\073\004\116\004\107\004\065\004\062\004\113\004\065\000\040\000U\000X\000-\004\100\004\065\004\110\004\065\004\075\004\070\004\117}{chapter.6}% 41
\BOOKMARK [1][]{section.6.4}{\376\377\004\042\004\065\004\105\004\075\004\076\004\073\004\076\004\063\004\070\004\107\004\065\004\101\004\072\004\070\004\071\000\040\004\101\004\102\004\065\004\072}{chapter.6}% 42
\BOOKMARK [1][]{section.6.5}{\376\377\004\022\004\070\004\067\004\103\004\060\004\073\004\114\004\075\004\113\004\071\000\040\004\100\004\065\004\064\004\070\004\067\004\060\004\071\004\075\000\040\004\070\000\040\004\100\004\060\004\101\004\110\004\070\004\100\004\065\004\075\004\070\004\117\000\040\004\070\004\075\004\102\004\065\004\100\004\104\004\065\004\071\004\101\004\060}{chapter.6}% 43
\BOOKMARK [0][]{chapter.7}{\376\377\004\020\004\075\004\060\004\073\004\070\004\067\000\040\004\100\004\065\004\067\004\103\004\073\004\114\004\102\004\060\004\102\004\076\004\062\000\040\004\070\000\040\004\076\004\063\004\100\004\060\004\075\004\070\004\107\004\065\004\075\004\070\004\117}{}% 44
\BOOKMARK [1][]{section.7.1}{\376\377\004\041\004\062\004\076\004\064\004\075\004\113\004\065\000\040\004\076\004\102\004\062\004\065\004\102\004\113\000\040\004\075\004\060\000\040\004\070\004\101\004\101\004\073\004\065\004\064\004\076\004\062\004\060\004\102\004\065\004\073\004\114\004\101\004\072\004\070\004\065\000\040\004\062\004\076\004\077\004\100\004\076\004\101\004\113}{chapter.7}% 45
\BOOKMARK [1][]{section.7.2}{\376\377\004\044\004\070\004\075\004\060\004\073\004\114\004\075\004\060\004\117\000\040\004\072\004\076\004\075\004\104\004\070\004\063\004\103\004\100\004\060\004\106\004\070\004\117\000\040\004\077\004\100\004\076\004\102\004\076\004\102\004\070\004\077\004\060}{chapter.7}% 46
\BOOKMARK [1][]{section.7.3}{\376\377\004\036\004\063\004\100\004\060\004\075\004\070\004\107\004\065\004\075\004\070\004\117\000\040\004\102\004\065\004\072\004\103\004\111\004\065\004\063\004\076\000\040\004\077\004\076\004\064\004\105\004\076\004\064\004\060}{chapter.7}% 47
\BOOKMARK [1][]{section.7.4}{\376\377\004\041\004\076\004\077\004\076\004\101\004\102\004\060\004\062\004\073\004\065\004\075\004\070\004\065\000\040\004\101\000\040\000s\000t\000a\000t\000e\000-\000o\000f\000-\000t\000h\000e\000-\000a\000r\000t}{chapter.7}% 48
\BOOKMARK [1][]{section.7.5}{\376\377\004\035\004\060\004\103\004\107\004\075\004\060\004\117\000\040\004\075\004\076\004\062\004\070\004\067\004\075\004\060\000\040\004\070\000\040\004\077\004\100\004\060\004\072\004\102\004\070\004\107\004\065\004\101\004\072\004\060\004\117\000\040\004\067\004\075\004\060\004\107\004\070\004\074\004\076\004\101\004\102\004\114}{chapter.7}% 49
\BOOKMARK [0][]{section*.26}{\376\377\004\027\004\060\004\072\004\073\004\116\004\107\004\065\004\075\004\070\004\065}{}% 50
\BOOKMARK [0][]{section*.27}{\376\377\004\041\004\077\004\070\004\101\004\076\004\072\000\040\004\073\004\070\004\102\004\065\004\100\004\060\004\102\004\103\004\100\004\113}{}% 51
\BOOKMARK [0][]{appendix*.29}{\376\377\004\037\004\100\004\070\004\073\004\076\004\066\004\065\004\075\004\070\004\065\000\040\004\020\000.\000\040\004\036\004\077\004\070\004\101\004\060\004\075\004\070\004\065\000\040\004\064\004\060\004\102\004\060\004\101\004\065\004\102\004\076\004\062}{}% 52
\BOOKMARK [0][]{appendix*.31}{\376\377\004\037\004\100\004\070\004\073\004\076\004\066\004\065\004\075\004\070\004\065\000\040\004\021\000.\000\040\004\023\004\070\004\077\004\065\004\100\004\077\004\060\004\100\004\060\004\074\004\065\004\102\004\100\004\113\000\040\004\115\004\072\004\101\004\077\004\065\004\100\004\070\004\074\004\065\004\075\004\102\004\076\004\062}{}% 53
\BOOKMARK [0][]{appendix*.33}{\376\377\004\037\004\100\004\070\004\073\004\076\004\066\004\065\004\075\004\070\004\065\000\040\004\022\000.\000\040\000C\000o\000n\000f\000u\000s\000i\000o\000n\000\040\000m\000a\000t\000r\000i\000c\000e\000s\000\040\004\070\000\040\004\063\004\100\004\060\004\104\004\070\004\072\004\070}{}% 54
\BOOKMARK [0][]{appendix*.34}{\376\377\004\037\004\100\004\070\004\073\004\076\004\066\004\065\004\075\004\070\004\065\000\040\004\023\000.\000\040\000J\000S\000O\000N\000-\004\101\004\105\004\065\004\074\004\060\000\040\000t\000i\000m\000e\000l\000i\000n\000e}{}% 55
\BOOKMARK [0][]{appendix*.35}{\376\377\004\037\004\100\004\070\004\073\004\076\004\066\004\065\004\075\004\070\004\065\000\040\004\024\000.\000\040\000C\000L\000I\000-\004\072\004\076\004\074\004\060\004\075\004\064\004\113\000\040\004\062\004\076\004\101\004\077\004\100\004\076\004\070\004\067\004\062\004\065\004\064\004\065\004\075\004\070\004\117}{}% 56
